// Jest Snapshot v1, https://goo.gl/fbAQLP

exports[`Navbar component Test Navbar render correctly 1`] = `
Object {
  "asFragment": [Function],
  "baseElement": <body>
    <div>
      <nav
        class="flex"
      >
        <div
          class="logo flex"
        >
          <img
            alt="Logo"
            src="icon.png"
          />
          <h1>
            Space Travelers' Hub
          </h1>
        </div>
        <ul
          class="flex"
        >
          <li>
            <a
              aria-current="page"
              class="link active"
              href="/"
              style="text-decoration: underline;"
            >
              Rockets
            </a>
          </li>
          <li>
            <a
              class="link"
              href="/missions"
            >
              Missions
            </a>
          </li>
          <li>
            <a
              class="link"
              href="/myprofile"
            >
              My Profile
            </a>
          </li>
        </ul>
      </nav>
    </div>
  </body>,
  "container": <div>
    <nav
      class="flex"
    >
      <div
        class="logo flex"
      >
        <img
          alt="Logo"
          src="icon.png"
        />
        <h1>
          Space Travelers' Hub
        </h1>
      </div>
      <ul
        class="flex"
      >
        <li>
          <a
            aria-current="page"
            class="link active"
            href="/"
            style="text-decoration: underline;"
          >
            Rockets
          </a>
        </li>
        <li>
          <a
            class="link"
            href="/missions"
          >
            Missions
          </a>
        </li>
        <li>
          <a
            class="link"
            href="/myprofile"
          >
            My Profile
          </a>
        </li>
      </ul>
    </nav>
  </div>,
  "debug": [Function],
  "findAllByAltText": [Function],
  "findAllByDisplayValue": [Function],
  "findAllByLabelText": [Function],
  "findAllByPlaceholderText": [Function],
  "findAllByRole": [Function],
  "findAllByTestId": [Function],
  "findAllByText": [Function],
  "findAllByTitle": [Function],
  "findByAltText": [Function],
  "findByDisplayValue": [Function],
  "findByLabelText": [Function],
  "findByPlaceholderText": [Function],
  "findByRole": [Function],
  "findByTestId": [Function],
  "findByText": [Function],
  "findByTitle": [Function],
  "getAllByAltText": [Function],
  "getAllByDisplayValue": [Function],
  "getAllByLabelText": [Function],
  "getAllByPlaceholderText": [Function],
  "getAllByRole": [Function],
  "getAllByTestId": [Function],
  "getAllByText": [Function],
  "getAllByTitle": [Function],
  "getByAltText": [Function],
  "getByDisplayValue": [Function],
  "getByLabelText": [Function],
  "getByPlaceholderText": [Function],
  "getByRole": [Function],
  "getByTestId": [Function],
  "getByText": [Function],
  "getByTitle": [Function],
  "queryAllByAltText": [Function],
  "queryAllByDisplayValue": [Function],
  "queryAllByLabelText": [Function],
  "queryAllByPlaceholderText": [Function],
  "queryAllByRole": [Function],
  "queryAllByTestId": [Function],
  "queryAllByText": [Function],
  "queryAllByTitle": [Function],
  "queryByAltText": [Function],
  "queryByDisplayValue": [Function],
  "queryByLabelText": [Function],
  "queryByPlaceholderText": [Function],
  "queryByRole": [Function],
  "queryByTestId": [Function],
  "queryByText": [Function],
  "queryByTitle": [Function],
  "rerender": [Function],
  "unmount": [Function],
}
`;
